2026-06-11T09:40:46.188+08:00  INFO 12320 --- [hotel-pricing-add] [main] com.hotel.pricing.Application            : Starting Application using Java 17.0.13 with PID 12320 (C:\Users\X\Documents\2026Spring_Software_Architecture_Design\Assignment2\hotel-pricing-add\target\classes started by X in C:\Users\X\Documents\2026Spring_Software_Architecture_Design\Assignment2\hotel-pricing-add)
2026-06-11T09:40:46.199+08:00 DEBUG 12320 --- [hotel-pricing-add] [main] com.hotel.pricing.Application            : Running with Spring Boot v3.5.7, Spring v6.2.12
2026-06-11T09:40:46.200+08:00  INFO 12320 --- [hotel-pricing-add] [main] com.hotel.pricing.Application            : No active profile set, falling back to 1 default profile: "default"
2026-06-11T09:40:48.302+08:00  INFO 12320 --- [hotel-pricing-add] [main] o.s.b.w.embedded.tomcat.TomcatWebServer  : Tomcat initialized with port 8080 (http)
2026-06-11T09:40:48.330+08:00  INFO 12320 --- [hotel-pricing-add] [main] o.apache.catalina.core.StandardService   : Starting service [Tomcat]
2026-06-11T09:40:48.331+08:00  INFO 12320 --- [hotel-pricing-add] [main] o.apache.catalina.core.StandardEngine    : Starting Servlet engine: [Apache Tomcat/10.1.48]
2026-06-11T09:40:48.481+08:00  INFO 12320 --- [hotel-pricing-add] [main] o.a.c.c.C.[Tomcat].[localhost].[/]       : Initializing Spring embedded WebApplicationContext
2026-06-11T09:40:48.482+08:00  INFO 12320 --- [hotel-pricing-add] [main] w.s.c.ServletWebServerApplicationContext : Root WebApplicationContext: initialization completed in 2134 ms
2026-06-11T09:40:49.558+08:00  INFO 12320 --- [hotel-pricing-add] [main] c.a.c.a.a.s.controller.AgentController   : AgentController initialized with 4 dynamic agents: [call_analyst, call_quality, call_reviewer, architect_agent]
2026-06-11T09:40:49.572+08:00  INFO 12320 --- [hotel-pricing-add] [main] c.a.c.a.a.s.controller.GraphController   : GraphController initialized with 0 graphs: []
2026-06-11T09:40:50.331+08:00  INFO 12320 --- [hotel-pricing-add] [main] o.s.b.w.embedded.tomcat.TomcatWebServer  : Tomcat started on port 8080 (http) with context path '/'
2026-06-11T09:40:50.354+08:00  INFO 12320 --- [hotel-pricing-add] [main] com.hotel.pricing.Application            : Started Application in 5.174 seconds (process running for 5.965)
2026-06-11T09:40:50.361+08:00  INFO 12320 --- [hotel-pricing-add] [main] c.hotel.pricing.runner.IterationRunner   : ¨T¨T¨T¨T¨T¨T Starting ADD 3.0 ¡ª 4 Iterations ¨T¨T¨T¨T¨T¨T
2026-06-11T09:40:50.362+08:00  INFO 12320 --- [hotel-pricing-add] [main] c.h.pricing.runner.ConversationLogger    : === Iteration 1 BEGIN ===
2026-06-11T09:40:50.362+08:00  INFO 12320 --- [hotel-pricing-add] [main] c.hotel.pricing.runner.IterationRunner   : Iteration 1: sending prompt to ArchitectAgent...
2026-06-11T09:40:50.385+08:00 DEBUG 12320 --- [hotel-pricing-add] [main] c.a.c.ai.graph.utils.SerializationUtils  : Successfully preserved Map type: java.util.HashMap
2026-06-11T09:40:50.441+08:00 DEBUG 12320 --- [hotel-pricing-add] [main] c.a.c.ai.graph.utils.SerializationUtils  : Could not deep copy object of type org.springframework.ai.chat.messages.UserMessage, using shallow copy instead: Cannot construct instance of `org.springframework.ai.chat.messages.UserMessage` (although at least one Creator exists): cannot deserialize from Object value (no delegate- or property-based Creator)
 at [Source: REDACTED (`StreamReadFeature.INCLUDE_SOURCE_IN_LOCATION` disabled); line: 1, column: 2]
2026-06-11T09:40:50.463+08:00 DEBUG 12320 --- [hotel-pricing-add] [main] com.alibaba.cloud.ai.graph.GraphRunner   : Initializing with inputs: [input, _graph_execution_id_, messages]
2026-06-11T09:40:50.467+08:00 DEBUG 12320 --- [hotel-pricing-add] [main] c.a.c.ai.graph.utils.SerializationUtils  : Successfully preserved Map type: java.util.HashMap
2026-06-11T09:40:50.467+08:00 DEBUG 12320 --- [hotel-pricing-add] [main] c.a.c.ai.graph.utils.SerializationUtils  : Could not deep copy object of type org.springframework.ai.chat.messages.UserMessage, using shallow copy instead: Cannot construct instance of `org.springframework.ai.chat.messages.UserMessage` (although at least one Creator exists): cannot deserialize from Object value (no delegate- or property-based Creator)
 at [Source: REDACTED (`StreamReadFeature.INCLUDE_SOURCE_IN_LOCATION` disabled); line: 1, column: 2]
2026-06-11T09:40:55.946+08:00 DEBUG 12320 --- [hotel-pricing-add] [main] c.a.c.ai.graph.utils.SerializationUtils  : Successfully preserved Map type: java.util.HashMap
2026-06-11T09:40:55.947+08:00 DEBUG 12320 --- [hotel-pricing-add] [main] c.a.c.ai.graph.utils.SerializationUtils  : Could not deep copy object of type org.springframework.ai.chat.messages.UserMessage, using shallow copy instead: Cannot construct instance of `org.springframework.ai.chat.messages.UserMessage` (although at least one Creator exists): cannot deserialize from Object value (no delegate- or property-based Creator)
 at [Source: REDACTED (`StreamReadFeature.INCLUDE_SOURCE_IN_LOCATION` disabled); line: 1, column: 2]
2026-06-11T09:40:55.948+08:00 DEBUG 12320 --- [hotel-pricing-add] [main] com.alibaba.cloud.ai.graph.GraphRunner   : Initializing with inputs: [_graph_execution_id_, messages]
2026-06-11T09:40:55.948+08:00 DEBUG 12320 --- [hotel-pricing-add] [main] c.a.c.ai.graph.utils.SerializationUtils  : Successfully preserved Map type: java.util.HashMap
2026-06-11T09:40:55.948+08:00 DEBUG 12320 --- [hotel-pricing-add] [main] c.a.c.ai.graph.utils.SerializationUtils  : Could not deep copy object of type org.springframework.ai.chat.messages.UserMessage, using shallow copy instead: Cannot construct instance of `org.springframework.ai.chat.messages.UserMessage` (although at least one Creator exists): cannot deserialize from Object value (no delegate- or property-based Creator)
 at [Source: REDACTED (`StreamReadFeature.INCLUDE_SOURCE_IN_LOCATION` disabled); line: 1, column: 2]
2026-06-11T09:41:42.486+08:00 DEBUG 12320 --- [hotel-pricing-add] [main] c.a.c.ai.graph.utils.SerializationUtils  : Successfully preserved Map type: java.util.HashMap
2026-06-11T09:41:42.488+08:00 DEBUG 12320 --- [hotel-pricing-add] [main] c.a.c.ai.graph.utils.SerializationUtils  : Could not deep copy object of type org.springframework.ai.chat.messages.UserMessage, using shallow copy instead: Cannot construct instance of `org.springframework.ai.chat.messages.UserMessage` (although at least one Creator exists): cannot deserialize from Object value (no delegate- or property-based Creator)
 at [Source: REDACTED (`StreamReadFeature.INCLUDE_SOURCE_IN_LOCATION` disabled); line: 1, column: 2]
2026-06-11T09:41:42.488+08:00 DEBUG 12320 --- [hotel-pricing-add] [main] com.alibaba.cloud.ai.graph.GraphRunner   : Initializing with inputs: [_graph_execution_id_, messages]
2026-06-11T09:41:42.488+08:00 DEBUG 12320 --- [hotel-pricing-add] [main] c.a.c.ai.graph.utils.SerializationUtils  : Successfully preserved Map type: java.util.HashMap
2026-06-11T09:41:42.488+08:00 DEBUG 12320 --- [hotel-pricing-add] [main] c.a.c.ai.graph.utils.SerializationUtils  : Could not deep copy object of type org.springframework.ai.chat.messages.UserMessage, using shallow copy instead: Cannot construct instance of `org.springframework.ai.chat.messages.UserMessage` (although at least one Creator exists): cannot deserialize from Object value (no delegate- or property-based Creator)
 at [Source: REDACTED (`StreamReadFeature.INCLUDE_SOURCE_IN_LOCATION` disabled); line: 1, column: 2]
2026-06-11T09:42:09.612+08:00 DEBUG 12320 --- [hotel-pricing-add] [main] c.a.c.ai.graph.utils.SerializationUtils  : Successfully preserved Map type: java.util.HashMap
2026-06-11T09:42:09.612+08:00 DEBUG 12320 --- [hotel-pricing-add] [main] c.a.c.ai.graph.utils.SerializationUtils  : Could not deep copy object of type org.springframework.ai.chat.messages.UserMessage, using shallow copy instead: Cannot construct instance of `org.springframework.ai.chat.messages.UserMessage` (although at least one Creator exists): cannot deserialize from Object value (no delegate- or property-based Creator)
 at [Source: REDACTED (`StreamReadFeature.INCLUDE_SOURCE_IN_LOCATION` disabled); line: 1, column: 2]
2026-06-11T09:42:09.612+08:00 DEBUG 12320 --- [hotel-pricing-add] [main] com.alibaba.cloud.ai.graph.GraphRunner   : Initializing with inputs: [_graph_execution_id_, messages]
2026-06-11T09:42:09.614+08:00 DEBUG 12320 --- [hotel-pricing-add] [main] c.a.c.ai.graph.utils.SerializationUtils  : Successfully preserved Map type: java.util.HashMap
2026-06-11T09:42:09.614+08:00 DEBUG 12320 --- [hotel-pricing-add] [main] c.a.c.ai.graph.utils.SerializationUtils  : Could not deep copy object of type org.springframework.ai.chat.messages.UserMessage, using shallow copy instead: Cannot construct instance of `org.springframework.ai.chat.messages.UserMessage` (although at least one Creator exists): cannot deserialize from Object value (no delegate- or property-based Creator)
 at [Source: REDACTED (`StreamReadFeature.INCLUDE_SOURCE_IN_LOCATION` disabled); line: 1, column: 2]
2026-06-11T09:45:11.918+08:00  INFO 12320 --- [hotel-pricing-add] [main] c.h.pricing.runner.ConversationLogger    : Saved Mermaid diagram: architect_agent_1781142311911_1.mermaid
2026-06-11T09:45:11.920+08:00  INFO 12320 --- [hotel-pricing-add] [main] c.h.pricing.runner.ConversationLogger    : Saved Mermaid diagram: architect_agent_1781142311918_2.mermaid
2026-06-11T09:45:11.929+08:00  INFO 12320 --- [hotel-pricing-add] [main] c.h.pricing.runner.ConversationLogger    : Saved Mermaid diagram: architect_agent_1781142311920_3.mermaid
2026-06-11T09:45:11.929+08:00  INFO 12320 --- [hotel-pricing-add] [main] c.h.pricing.runner.ConversationLogger    : Saved Mermaid diagram: architect_agent_1781142311929_4.mermaid
2026-06-11T09:45:11.933+08:00  INFO 12320 --- [hotel-pricing-add] [main] c.h.pricing.runner.ConversationLogger    : === Iteration 1 END ===
2026-06-11T09:45:11.933+08:00  INFO 12320 --- [hotel-pricing-add] [main] c.hotel.pricing.runner.IterationRunner   : Iteration 1 completed in 261549 ms. Response length: 29806 chars
2026-06-11T09:45:11.933+08:00  INFO 12320 --- [hotel-pricing-add] [main] c.h.pricing.runner.ConversationLogger    : === Iteration 2 BEGIN ===
2026-06-11T09:45:11.933+08:00  INFO 12320 --- [hotel-pricing-add] [main] c.hotel.pricing.runner.IterationRunner   : Iteration 2: sending prompt to ArchitectAgent...
2026-06-11T09:45:11.933+08:00 DEBUG 12320 --- [hotel-pricing-add] [main] c.a.c.ai.graph.utils.SerializationUtils  : Successfully preserved Map type: java.util.HashMap
2026-06-11T09:45:11.933+08:00 DEBUG 12320 --- [hotel-pricing-add] [main] c.a.c.ai.graph.utils.SerializationUtils  : Could not deep copy object of type org.springframework.ai.chat.messages.UserMessage, using shallow copy instead: Cannot construct instance of `org.springframework.ai.chat.messages.UserMessage` (although at least one Creator exists): cannot deserialize from Object value (no delegate- or property-based Creator)
 at [Source: REDACTED (`StreamReadFeature.INCLUDE_SOURCE_IN_LOCATION` disabled); line: 1, column: 2]
2026-06-11T09:45:11.933+08:00 DEBUG 12320 --- [hotel-pricing-add] [main] com.alibaba.cloud.ai.graph.GraphRunner   : Initializing with inputs: [input, _graph_execution_id_, messages]
2026-06-11T09:45:11.933+08:00 DEBUG 12320 --- [hotel-pricing-add] [main] c.a.c.ai.graph.utils.SerializationUtils  : Successfully preserved Map type: java.util.HashMap
2026-06-11T09:45:11.933+08:00 DEBUG 12320 --- [hotel-pricing-add] [main] c.a.c.ai.graph.utils.SerializationUtils  : Could not deep copy object of type org.springframework.ai.chat.messages.UserMessage, using shallow copy instead: Cannot construct instance of `org.springframework.ai.chat.messages.UserMessage` (although at least one Creator exists): cannot deserialize from Object value (no delegate- or property-based Creator)
 at [Source: REDACTED (`StreamReadFeature.INCLUDE_SOURCE_IN_LOCATION` disabled); line: 1, column: 2]
2026-06-11T09:45:11.955+08:00 DEBUG 12320 --- [hotel-pricing-add] [main] c.a.c.ai.graph.utils.SerializationUtils  : Could not deep copy object of type org.springframework.ai.chat.messages.AssistantMessage, using shallow copy instead: Cannot construct instance of `org.springframework.ai.chat.messages.AssistantMessage` (although at least one Creator exists): cannot deserialize from Object value (no delegate- or property-based Creator)
 at [Source: REDACTED (`StreamReadFeature.INCLUDE_SOURCE_IN_LOCATION` disabled); line: 1, column: 2]
2026-06-11T09:45:11.960+08:00 DEBUG 12320 --- [hotel-pricing-add] [main] c.a.c.ai.graph.utils.SerializationUtils  : Could not deep copy object of type org.springframework.ai.chat.messages.ToolResponseMessage, using shallow copy instead: Cannot construct instance of `org.springframework.ai.chat.messages.ToolResponseMessage` (no Creators, like default constructor, exist): cannot deserialize from Object value (no delegate- or property-based Creator)
 at [Source: REDACTED (`StreamReadFeature.INCLUDE_SOURCE_IN_LOCATION` disabled); line: 1, column: 2]
2026-06-11T09:45:11.960+08:00 DEBUG 12320 --- [hotel-pricing-add] [main] c.a.c.ai.graph.utils.SerializationUtils  : Could not deep copy object of type org.springframework.ai.chat.messages.AssistantMessage, using shallow copy instead: Cannot construct instance of `org.springframework.ai.chat.messages.AssistantMessage` (although at least one Creator exists): cannot deserialize from Object value (no delegate- or property-based Creator)
 at [Source: REDACTED (`StreamReadFeature.INCLUDE_SOURCE_IN_LOCATION` disabled); line: 1, column: 2]
2026-06-11T09:45:11.960+08:00 DEBUG 12320 --- [hotel-pricing-add] [main] c.a.c.ai.graph.utils.SerializationUtils  : Could not deep copy object of type org.springframework.ai.chat.messages.ToolResponseMessage, using shallow copy instead: Cannot construct instance of `org.springframework.ai.chat.messages.ToolResponseMessage` (no Creators, like default constructor, exist): cannot deserialize from Object value (no delegate- or property-based Creator)
 at [Source: REDACTED (`StreamReadFeature.INCLUDE_SOURCE_IN_LOCATION` disabled); line: 1, column: 2]
2026-06-11T09:45:11.966+08:00 DEBUG 12320 --- [hotel-pricing-add] [main] c.a.c.ai.graph.utils.SerializationUtils  : Could not deep copy object of type org.springframework.ai.chat.messages.AssistantMessage, using shallow copy instead: Cannot construct instance of `org.springframework.ai.chat.messages.AssistantMessage` (although at least one Creator exists): cannot deserialize from Object value (no delegate- or property-based Creator)
 at [Source: REDACTED (`StreamReadFeature.INCLUDE_SOURCE_IN_LOCATION` disabled); line: 1, column: 2]
2026-06-11T09:45:11.970+08:00 DEBUG 12320 --- [hotel-pricing-add] [main] c.a.c.ai.graph.utils.SerializationUtils  : Could not deep copy object of type org.springframework.ai.chat.messages.UserMessage, using shallow copy instead: Cannot construct instance of `org.springframework.ai.chat.messages.UserMessage` (although at least one Creator exists): cannot deserialize from Object value (no delegate- or property-based Creator)
 at [Source: REDACTED (`StreamReadFeature.INCLUDE_SOURCE_IN_LOCATION` disabled); line: 1, column: 2]
2026-06-11T09:45:23.279+08:00 DEBUG 12320 --- [hotel-pricing-add] [main] c.a.c.ai.graph.utils.SerializationUtils  : Successfully preserved Map type: java.util.HashMap
2026-06-11T09:45:23.279+08:00 DEBUG 12320 --- [hotel-pricing-add] [main] c.a.c.ai.graph.utils.SerializationUtils  : Could not deep copy object of type org.springframework.ai.chat.messages.UserMessage, using shallow copy instead: Cannot construct instance of `org.springframework.ai.chat.messages.UserMessage` (although at least one Creator exists): cannot deserialize from Object value (no delegate- or property-based Creator)
 at [Source: REDACTED (`StreamReadFeature.INCLUDE_SOURCE_IN_LOCATION` disabled); line: 1, column: 2]
2026-06-11T09:45:23.279+08:00 DEBUG 12320 --- [hotel-pricing-add] [main] com.alibaba.cloud.ai.graph.GraphRunner   : Initializing with inputs: [_graph_execution_id_, messages]
2026-06-11T09:45:23.279+08:00 DEBUG 12320 --- [hotel-pricing-add] [main] c.a.c.ai.graph.utils.SerializationUtils  : Successfully preserved Map type: java.util.HashMap
2026-06-11T09:45:23.279+08:00 DEBUG 12320 --- [hotel-pricing-add] [main] c.a.c.ai.graph.utils.SerializationUtils  : Could not deep copy object of type org.springframework.ai.chat.messages.UserMessage, using shallow copy instead: Cannot construct instance of `org.springframework.ai.chat.messages.UserMessage` (although at least one Creator exists): cannot deserialize from Object value (no delegate- or property-based Creator)
 at [Source: REDACTED (`StreamReadFeature.INCLUDE_SOURCE_IN_LOCATION` disabled); line: 1, column: 2]
2026-06-11T09:46:21.423+08:00 DEBUG 12320 --- [hotel-pricing-add] [main] c.a.c.ai.graph.utils.SerializationUtils  : Successfully preserved Map type: java.util.HashMap
2026-06-11T09:46:21.425+08:00 DEBUG 12320 --- [hotel-pricing-add] [main] c.a.c.ai.graph.utils.SerializationUtils  : Could not deep copy object of type org.springframework.ai.chat.messages.UserMessage, using shallow copy instead: Cannot construct instance of `org.springframework.ai.chat.messages.UserMessage` (although at least one Creator exists): cannot deserialize from Object value (no delegate- or property-based Creator)
 at [Source: REDACTED (`StreamReadFeature.INCLUDE_SOURCE_IN_LOCATION` disabled); line: 1, column: 2]
2026-06-11T09:46:21.425+08:00 DEBUG 12320 --- [hotel-pricing-add] [main] com.alibaba.cloud.ai.graph.GraphRunner   : Initializing with inputs: [_graph_execution_id_, messages]
2026-06-11T09:46:21.425+08:00 DEBUG 12320 --- [hotel-pricing-add] [main] c.a.c.ai.graph.utils.SerializationUtils  : Successfully preserved Map type: java.util.HashMap
2026-06-11T09:46:21.425+08:00 DEBUG 12320 --- [hotel-pricing-add] [main] c.a.c.ai.graph.utils.SerializationUtils  : Could not deep copy object of type org.springframework.ai.chat.messages.UserMessage, using shallow copy instead: Cannot construct instance of `org.springframework.ai.chat.messages.UserMessage` (although at least one Creator exists): cannot deserialize from Object value (no delegate- or property-based Creator)
 at [Source: REDACTED (`StreamReadFeature.INCLUDE_SOURCE_IN_LOCATION` disabled); line: 1, column: 2]
2026-06-11T09:46:50.077+08:00 DEBUG 12320 --- [hotel-pricing-add] [main] c.a.c.ai.graph.utils.SerializationUtils  : Successfully preserved Map type: java.util.HashMap
2026-06-11T09:46:50.080+08:00 DEBUG 12320 --- [hotel-pricing-add] [main] c.a.c.ai.graph.utils.SerializationUtils  : Could not deep copy object of type org.springframework.ai.chat.messages.UserMessage, using shallow copy instead: Cannot construct instance of `org.springframework.ai.chat.messages.UserMessage` (although at least one Creator exists): cannot deserialize from Object value (no delegate- or property-based Creator)
 at [Source: REDACTED (`StreamReadFeature.INCLUDE_SOURCE_IN_LOCATION` disabled); line: 1, column: 2]
2026-06-11T09:46:50.082+08:00 DEBUG 12320 --- [hotel-pricing-add] [main] com.alibaba.cloud.ai.graph.GraphRunner   : Initializing with inputs: [_graph_execution_id_, messages]
2026-06-11T09:46:50.082+08:00 DEBUG 12320 --- [hotel-pricing-add] [main] c.a.c.ai.graph.utils.SerializationUtils  : Successfully preserved Map type: java.util.HashMap
2026-06-11T09:46:50.084+08:00 DEBUG 12320 --- [hotel-pricing-add] [main] c.a.c.ai.graph.utils.SerializationUtils  : Could not deep copy object of type org.springframework.ai.chat.messages.UserMessage, using shallow copy instead: Cannot construct instance of `org.springframework.ai.chat.messages.UserMessage` (although at least one Creator exists): cannot deserialize from Object value (no delegate- or property-based Creator)
 at [Source: REDACTED (`StreamReadFeature.INCLUDE_SOURCE_IN_LOCATION` disabled); line: 1, column: 2]
2026-06-11T09:49:49.306+08:00  INFO 12320 --- [hotel-pricing-add] [main] c.h.pricing.runner.ConversationLogger    : Saved Mermaid diagram: architect_agent_1781142589304_1.mermaid
2026-06-11T09:49:49.308+08:00  INFO 12320 --- [hotel-pricing-add] [main] c.h.pricing.runner.ConversationLogger    : Saved Mermaid diagram: architect_agent_1781142589306_2.mermaid
2026-06-11T09:49:49.312+08:00  INFO 12320 --- [hotel-pricing-add] [main] c.h.pricing.runner.ConversationLogger    : Saved Mermaid diagram: architect_agent_1781142589310_3.mermaid
2026-06-11T09:49:49.314+08:00  INFO 12320 --- [hotel-pricing-add] [main] c.h.pricing.runner.ConversationLogger    : Saved Mermaid diagram: architect_agent_1781142589312_4.mermaid
2026-06-11T09:49:49.316+08:00  INFO 12320 --- [hotel-pricing-add] [main] c.h.pricing.runner.ConversationLogger    : Saved Mermaid diagram: architect_agent_1781142589314_5.mermaid
2026-06-11T09:49:49.316+08:00  INFO 12320 --- [hotel-pricing-add] [main] c.h.pricing.runner.ConversationLogger    : === Iteration 2 END ===
2026-06-11T09:49:49.316+08:00  INFO 12320 --- [hotel-pricing-add] [main] c.hotel.pricing.runner.IterationRunner   : Iteration 2 completed in 277371 ms. Response length: 36347 chars
2026-06-11T09:49:49.316+08:00  INFO 12320 --- [hotel-pricing-add] [main] c.h.pricing.runner.ConversationLogger    : === Iteration 3 BEGIN ===
2026-06-11T09:49:49.316+08:00  INFO 12320 --- [hotel-pricing-add] [main] c.hotel.pricing.runner.IterationRunner   : Iteration 3: sending prompt to ArchitectAgent...
2026-06-11T09:49:49.316+08:00 DEBUG 12320 --- [hotel-pricing-add] [main] c.a.c.ai.graph.utils.SerializationUtils  : Successfully preserved Map type: java.util.HashMap
2026-06-11T09:49:49.316+08:00 DEBUG 12320 --- [hotel-pricing-add] [main] c.a.c.ai.graph.utils.SerializationUtils  : Could not deep copy object of type org.springframework.ai.chat.messages.UserMessage, using shallow copy instead: Cannot construct instance of `org.springframework.ai.chat.messages.UserMessage` (although at least one Creator exists): cannot deserialize from Object value (no delegate- or property-based Creator)
 at [Source: REDACTED (`StreamReadFeature.INCLUDE_SOURCE_IN_LOCATION` disabled); line: 1, column: 2]
2026-06-11T09:49:49.316+08:00 DEBUG 12320 --- [hotel-pricing-add] [main] com.alibaba.cloud.ai.graph.GraphRunner   : Initializing with inputs: [input, _graph_execution_id_, messages]
2026-06-11T09:49:49.316+08:00 DEBUG 12320 --- [hotel-pricing-add] [main] c.a.c.ai.graph.utils.SerializationUtils  : Successfully preserved Map type: java.util.HashMap
2026-06-11T09:49:49.316+08:00 DEBUG 12320 --- [hotel-pricing-add] [main] c.a.c.ai.graph.utils.SerializationUtils  : Could not deep copy object of type org.springframework.ai.chat.messages.UserMessage, using shallow copy instead: Cannot construct instance of `org.springframework.ai.chat.messages.UserMessage` (although at least one Creator exists): cannot deserialize from Object value (no delegate- or property-based Creator)
 at [Source: REDACTED (`StreamReadFeature.INCLUDE_SOURCE_IN_LOCATION` disabled); line: 1, column: 2]
2026-06-11T09:49:49.316+08:00 DEBUG 12320 --- [hotel-pricing-add] [main] c.a.c.ai.graph.utils.SerializationUtils  : Could not deep copy object of type org.springframework.ai.chat.messages.AssistantMessage, using shallow copy instead: Cannot construct instance of `org.springframework.ai.chat.messages.AssistantMessage` (although at least one Creator exists): cannot deserialize from Object value (no delegate- or property-based Creator)
 at [Source: REDACTED (`StreamReadFeature.INCLUDE_SOURCE_IN_LOCATION` disabled); line: 1, column: 2]
2026-06-11T09:49:49.316+08:00 DEBUG 12320 --- [hotel-pricing-add] [main] c.a.c.ai.graph.utils.SerializationUtils  : Could not deep copy object of type org.springframework.ai.chat.messages.ToolResponseMessage, using shallow copy instead: Cannot construct instance of `org.springframework.ai.chat.messages.ToolResponseMessage` (no Creators, like default constructor, exist): cannot deserialize from Object value (no delegate- or property-based Creator)
 at [Source: REDACTED (`StreamReadFeature.INCLUDE_SOURCE_IN_LOCATION` disabled); line: 1, column: 2]
2026-06-11T09:49:49.316+08:00 DEBUG 12320 --- [hotel-pricing-add] [main] c.a.c.ai.graph.utils.SerializationUtils  : Could not deep copy object of type org.springframework.ai.chat.messages.AssistantMessage, using shallow copy instead: Cannot construct instance of `org.springframework.ai.chat.messages.AssistantMessage` (although at least one Creator exists): cannot deserialize from Object value (no delegate- or property-based Creator)
 at [Source: REDACTED (`StreamReadFeature.INCLUDE_SOURCE_IN_LOCATION` disabled); line: 1, column: 2]
2026-06-11T09:49:49.316+08:00 DEBUG 12320 --- [hotel-pricing-add] [main] c.a.c.ai.graph.utils.SerializationUtils  : Could not deep copy object of type org.springframework.ai.chat.messages.ToolResponseMessage, using shallow copy instead: Cannot construct instance of `org.springframework.ai.chat.messages.ToolResponseMessage` (no Creators, like default constructor, exist): cannot deserialize from Object value (no delegate- or property-based Creator)
 at [Source: REDACTED (`StreamReadFeature.INCLUDE_SOURCE_IN_LOCATION` disabled); line: 1, column: 2]
2026-06-11T09:49:49.316+08:00 DEBUG 12320 --- [hotel-pricing-add] [main] c.a.c.ai.graph.utils.SerializationUtils  : Could not deep copy object of type org.springframework.ai.chat.messages.AssistantMessage, using shallow copy instead: Cannot construct instance of `org.springframework.ai.chat.messages.AssistantMessage` (although at least one Creator exists): cannot deserialize from Object value (no delegate- or property-based Creator)
 at [Source: REDACTED (`StreamReadFeature.INCLUDE_SOURCE_IN_LOCATION` disabled); line: 1, column: 2]
2026-06-11T09:49:49.316+08:00 DEBUG 12320 --- [hotel-pricing-add] [main] c.a.c.ai.graph.utils.SerializationUtils  : Could not deep copy object of type org.springframework.ai.chat.messages.UserMessage, using shallow copy instead: Cannot construct instance of `org.springframework.ai.chat.messages.UserMessage` (although at least one Creator exists): cannot deserialize from Object value (no delegate- or property-based Creator)
 at [Source: REDACTED (`StreamReadFeature.INCLUDE_SOURCE_IN_LOCATION` disabled); line: 1, column: 2]
2026-06-11T09:49:49.316+08:00 DEBUG 12320 --- [hotel-pricing-add] [main] c.a.c.ai.graph.utils.SerializationUtils  : Could not deep copy object of type org.springframework.ai.chat.messages.AssistantMessage, using shallow copy instead: Cannot construct instance of `org.springframework.ai.chat.messages.AssistantMessage` (although at least one Creator exists): cannot deserialize from Object value (no delegate- or property-based Creator)
 at [Source: REDACTED (`StreamReadFeature.INCLUDE_SOURCE_IN_LOCATION` disabled); line: 1, column: 2]
2026-06-11T09:49:49.316+08:00 DEBUG 12320 --- [hotel-pricing-add] [main] c.a.c.ai.graph.utils.SerializationUtils  : Could not deep copy object of type org.springframework.ai.chat.messages.ToolResponseMessage, using shallow copy instead: Cannot construct instance of `org.springframework.ai.chat.messages.ToolResponseMessage` (no Creators, like default constructor, exist): cannot deserialize from Object value (no delegate- or property-based Creator)
 at [Source: REDACTED (`StreamReadFeature.INCLUDE_SOURCE_IN_LOCATION` disabled); line: 1, column: 2]
2026-06-11T09:49:49.316+08:00 DEBUG 12320 --- [hotel-pricing-add] [main] c.a.c.ai.graph.utils.SerializationUtils  : Could not deep copy object of type org.springframework.ai.chat.messages.AssistantMessage, using shallow copy instead: Cannot construct instance of `org.springframework.ai.chat.messages.AssistantMessage` (although at least one Creator exists): cannot deserialize from Object value (no delegate- or property-based Creator)
 at [Source: REDACTED (`StreamReadFeature.INCLUDE_SOURCE_IN_LOCATION` disabled); line: 1, column: 2]
2026-06-11T09:49:49.316+08:00 DEBUG 12320 --- [hotel-pricing-add] [main] c.a.c.ai.graph.utils.SerializationUtils  : Could not deep copy object of type org.springframework.ai.chat.messages.ToolResponseMessage, using shallow copy instead: Cannot construct instance of `org.springframework.ai.chat.messages.ToolResponseMessage` (no Creators, like default constructor, exist): cannot deserialize from Object value (no delegate- or property-based Creator)
 at [Source: REDACTED (`StreamReadFeature.INCLUDE_SOURCE_IN_LOCATION` disabled); line: 1, column: 2]
2026-06-11T09:49:49.316+08:00 DEBUG 12320 --- [hotel-pricing-add] [main] c.a.c.ai.graph.utils.SerializationUtils  : Could not deep copy object of type org.springframework.ai.chat.messages.AssistantMessage, using shallow copy instead: Cannot construct instance of `org.springframework.ai.chat.messages.AssistantMessage` (although at least one Creator exists): cannot deserialize from Object value (no delegate- or property-based Creator)
 at [Source: REDACTED (`StreamReadFeature.INCLUDE_SOURCE_IN_LOCATION` disabled); line: 1, column: 2]
2026-06-11T09:49:49.316+08:00 DEBUG 12320 --- [hotel-pricing-add] [main] c.a.c.ai.graph.utils.SerializationUtils  : Could not deep copy object of type org.springframework.ai.chat.messages.UserMessage, using shallow copy instead: Cannot construct instance of `org.springframework.ai.chat.messages.UserMessage` (although at least one Creator exists): cannot deserialize from Object value (no delegate- or property-based Creator)
 at [Source: REDACTED (`StreamReadFeature.INCLUDE_SOURCE_IN_LOCATION` disabled); line: 1, column: 2]
2026-06-11T09:49:56.180+08:00 DEBUG 12320 --- [hotel-pricing-add] [main] c.a.c.ai.graph.utils.SerializationUtils  : Successfully preserved Map type: java.util.HashMap
2026-06-11T09:49:56.181+08:00 DEBUG 12320 --- [hotel-pricing-add] [main] c.a.c.ai.graph.utils.SerializationUtils  : Could not deep copy object of type org.springframework.ai.chat.messages.UserMessage, using shallow copy instead: Cannot construct instance of `org.springframework.ai.chat.messages.UserMessage` (although at least one Creator exists): cannot deserialize from Object value (no delegate- or property-based Creator)
 at [Source: REDACTED (`StreamReadFeature.INCLUDE_SOURCE_IN_LOCATION` disabled); line: 1, column: 2]
2026-06-11T09:49:56.181+08:00 DEBUG 12320 --- [hotel-pricing-add] [main] com.alibaba.cloud.ai.graph.GraphRunner   : Initializing with inputs: [_graph_execution_id_, messages]
2026-06-11T09:49:56.181+08:00 DEBUG 12320 --- [hotel-pricing-add] [main] c.a.c.ai.graph.utils.SerializationUtils  : Successfully preserved Map type: java.util.HashMap
2026-06-11T09:49:56.181+08:00 DEBUG 12320 --- [hotel-pricing-add] [main] c.a.c.ai.graph.utils.SerializationUtils  : Could not deep copy object of type org.springframework.ai.chat.messages.UserMessage, using shallow copy instead: Cannot construct instance of `org.springframework.ai.chat.messages.UserMessage` (although at least one Creator exists): cannot deserialize from Object value (no delegate- or property-based Creator)
 at [Source: REDACTED (`StreamReadFeature.INCLUDE_SOURCE_IN_LOCATION` disabled); line: 1, column: 2]
2026-06-11T09:51:06.899+08:00 DEBUG 12320 --- [hotel-pricing-add] [main] c.a.c.ai.graph.utils.SerializationUtils  : Successfully preserved Map type: java.util.HashMap
2026-06-11T09:51:06.899+08:00 DEBUG 12320 --- [hotel-pricing-add] [main] c.a.c.ai.graph.utils.SerializationUtils  : Could not deep copy object of type org.springframework.ai.chat.messages.UserMessage, using shallow copy instead: Cannot construct instance of `org.springframework.ai.chat.messages.UserMessage` (although at least one Creator exists): cannot deserialize from Object value (no delegate- or property-based Creator)
 at [Source: REDACTED (`StreamReadFeature.INCLUDE_SOURCE_IN_LOCATION` disabled); line: 1, column: 2]
2026-06-11T09:51:06.899+08:00 DEBUG 12320 --- [hotel-pricing-add] [main] com.alibaba.cloud.ai.graph.GraphRunner   : Initializing with inputs: [_graph_execution_id_, messages]
2026-06-11T09:51:06.899+08:00 DEBUG 12320 --- [hotel-pricing-add] [main] c.a.c.ai.graph.utils.SerializationUtils  : Successfully preserved Map type: java.util.HashMap
2026-06-11T09:51:06.899+08:00 DEBUG 12320 --- [hotel-pricing-add] [main] c.a.c.ai.graph.utils.SerializationUtils  : Could not deep copy object of type org.springframework.ai.chat.messages.UserMessage, using shallow copy instead: Cannot construct instance of `org.springframework.ai.chat.messages.UserMessage` (although at least one Creator exists): cannot deserialize from Object value (no delegate- or property-based Creator)
 at [Source: REDACTED (`StreamReadFeature.INCLUDE_SOURCE_IN_LOCATION` disabled); line: 1, column: 2]
2026-06-11T09:51:42.479+08:00 DEBUG 12320 --- [hotel-pricing-add] [main] c.a.c.ai.graph.utils.SerializationUtils  : Successfully preserved Map type: java.util.HashMap
2026-06-11T09:51:42.479+08:00 DEBUG 12320 --- [hotel-pricing-add] [main] c.a.c.ai.graph.utils.SerializationUtils  : Could not deep copy object of type org.springframework.ai.chat.messages.UserMessage, using shallow copy instead: Cannot construct instance of `org.springframework.ai.chat.messages.UserMessage` (although at least one Creator exists): cannot deserialize from Object value (no delegate- or property-based Creator)
 at [Source: REDACTED (`StreamReadFeature.INCLUDE_SOURCE_IN_LOCATION` disabled); line: 1, column: 2]
2026-06-11T09:51:42.481+08:00 DEBUG 12320 --- [hotel-pricing-add] [main] com.alibaba.cloud.ai.graph.GraphRunner   : Initializing with inputs: [_graph_execution_id_, messages]
2026-06-11T09:51:42.481+08:00 DEBUG 12320 --- [hotel-pricing-add] [main] c.a.c.ai.graph.utils.SerializationUtils  : Successfully preserved Map type: java.util.HashMap
2026-06-11T09:51:42.481+08:00 DEBUG 12320 --- [hotel-pricing-add] [main] c.a.c.ai.graph.utils.SerializationUtils  : Could not deep copy object of type org.springframework.ai.chat.messages.UserMessage, using shallow copy instead: Cannot construct instance of `org.springframework.ai.chat.messages.UserMessage` (although at least one Creator exists): cannot deserialize from Object value (no delegate- or property-based Creator)
 at [Source: REDACTED (`StreamReadFeature.INCLUDE_SOURCE_IN_LOCATION` disabled); line: 1, column: 2]
2026-06-11T09:53:29.066+08:00  INFO 12320 --- [hotel-pricing-add] [main] c.h.pricing.runner.ConversationLogger    : Saved Mermaid diagram: architect_agent_1781142809064_1.mermaid
2026-06-11T09:53:29.066+08:00  INFO 12320 --- [hotel-pricing-add] [main] c.h.pricing.runner.ConversationLogger    : Saved Mermaid diagram: architect_agent_1781142809066_2.mermaid
2026-06-11T09:53:29.068+08:00  INFO 12320 --- [hotel-pricing-add] [main] c.h.pricing.runner.ConversationLogger    : Saved Mermaid diagram: architect_agent_1781142809066_3.mermaid
2026-06-11T09:53:29.068+08:00  INFO 12320 --- [hotel-pricing-add] [main] c.h.pricing.runner.ConversationLogger    : Saved Mermaid diagram: architect_agent_1781142809068_4.mermaid
2026-06-11T09:53:29.070+08:00  INFO 12320 --- [hotel-pricing-add] [main] c.h.pricing.runner.ConversationLogger    : Saved Mermaid diagram: architect_agent_1781142809068_5.mermaid
2026-06-11T09:53:29.070+08:00  INFO 12320 --- [hotel-pricing-add] [main] c.h.pricing.runner.ConversationLogger    : === Iteration 3 END ===
2026-06-11T09:53:29.070+08:00  INFO 12320 --- [hotel-pricing-add] [main] c.hotel.pricing.runner.IterationRunner   : Iteration 3 completed in 219748 ms. Response length: 31730 chars
2026-06-11T09:53:29.070+08:00  INFO 12320 --- [hotel-pricing-add] [main] c.h.pricing.runner.ConversationLogger    : === Iteration 4 BEGIN ===
2026-06-11T09:53:29.070+08:00  INFO 12320 --- [hotel-pricing-add] [main] c.hotel.pricing.runner.IterationRunner   : Iteration 4: sending prompt to ArchitectAgent...
2026-06-11T09:53:29.070+08:00 DEBUG 12320 --- [hotel-pricing-add] [main] c.a.c.ai.graph.utils.SerializationUtils  : Successfully preserved Map type: java.util.HashMap
2026-06-11T09:53:29.070+08:00 DEBUG 12320 --- [hotel-pricing-add] [main] c.a.c.ai.graph.utils.SerializationUtils  : Could not deep copy object of type org.springframework.ai.chat.messages.UserMessage, using shallow copy instead: Cannot construct instance of `org.springframework.ai.chat.messages.UserMessage` (although at least one Creator exists): cannot deserialize from Object value (no delegate- or property-based Creator)
 at [Source: REDACTED (`StreamReadFeature.INCLUDE_SOURCE_IN_LOCATION` disabled); line: 1, column: 2]
2026-06-11T09:53:29.070+08:00 DEBUG 12320 --- [hotel-pricing-add] [main] com.alibaba.cloud.ai.graph.GraphRunner   : Initializing with inputs: [input, _graph_execution_id_, messages]
2026-06-11T09:53:29.072+08:00 DEBUG 12320 --- [hotel-pricing-add] [main] c.a.c.ai.graph.utils.SerializationUtils  : Successfully preserved Map type: java.util.HashMap
2026-06-11T09:53:29.072+08:00 DEBUG 12320 --- [hotel-pricing-add] [main] c.a.c.ai.graph.utils.SerializationUtils  : Could not deep copy object of type org.springframework.ai.chat.messages.UserMessage, using shallow copy instead: Cannot construct instance of `org.springframework.ai.chat.messages.UserMessage` (although at least one Creator exists): cannot deserialize from Object value (no delegate- or property-based Creator)
 at [Source: REDACTED (`StreamReadFeature.INCLUDE_SOURCE_IN_LOCATION` disabled); line: 1, column: 2]
2026-06-11T09:53:29.072+08:00 DEBUG 12320 --- [hotel-pricing-add] [main] c.a.c.ai.graph.utils.SerializationUtils  : Could not deep copy object of type org.springframework.ai.chat.messages.AssistantMessage, using shallow copy instead: Cannot construct instance of `org.springframework.ai.chat.messages.AssistantMessage` (although at least one Creator exists): cannot deserialize from Object value (no delegate- or property-based Creator)
 at [Source: REDACTED (`StreamReadFeature.INCLUDE_SOURCE_IN_LOCATION` disabled); line: 1, column: 2]
2026-06-11T09:53:29.072+08:00 DEBUG 12320 --- [hotel-pricing-add] [main] c.a.c.ai.graph.utils.SerializationUtils  : Could not deep copy object of type org.springframework.ai.chat.messages.ToolResponseMessage, using shallow copy instead: Cannot construct instance of `org.springframework.ai.chat.messages.ToolResponseMessage` (no Creators, like default constructor, exist): cannot deserialize from Object value (no delegate- or property-based Creator)
 at [Source: REDACTED (`StreamReadFeature.INCLUDE_SOURCE_IN_LOCATION` disabled); line: 1, column: 2]
2026-06-11T09:53:29.072+08:00 DEBUG 12320 --- [hotel-pricing-add] [main] c.a.c.ai.graph.utils.SerializationUtils  : Could not deep copy object of type org.springframework.ai.chat.messages.AssistantMessage, using shallow copy instead: Cannot construct instance of `org.springframework.ai.chat.messages.AssistantMessage` (although at least one Creator exists): cannot deserialize from Object value (no delegate- or property-based Creator)
 at [Source: REDACTED (`StreamReadFeature.INCLUDE_SOURCE_IN_LOCATION` disabled); line: 1, column: 2]
2026-06-11T09:53:29.072+08:00 DEBUG 12320 --- [hotel-pricing-add] [main] c.a.c.ai.graph.utils.SerializationUtils  : Could not deep copy object of type org.springframework.ai.chat.messages.ToolResponseMessage, using shallow copy instead: Cannot construct instance of `org.springframework.ai.chat.messages.ToolResponseMessage` (no Creators, like default constructor, exist): cannot deserialize from Object value (no delegate- or property-based Creator)
 at [Source: REDACTED (`StreamReadFeature.INCLUDE_SOURCE_IN_LOCATION` disabled); line: 1, column: 2]
2026-06-11T09:53:29.072+08:00 DEBUG 12320 --- [hotel-pricing-add] [main] c.a.c.ai.graph.utils.SerializationUtils  : Could not deep copy object of type org.springframework.ai.chat.messages.AssistantMessage, using shallow copy instead: Cannot construct instance of `org.springframework.ai.chat.messages.AssistantMessage` (although at least one Creator exists): cannot deserialize from Object value (no delegate- or property-based Creator)
 at [Source: REDACTED (`StreamReadFeature.INCLUDE_SOURCE_IN_LOCATION` disabled); line: 1, column: 2]
2026-06-11T09:53:29.072+08:00 DEBUG 12320 --- [hotel-pricing-add] [main] c.a.c.ai.graph.utils.SerializationUtils  : Could not deep copy object of type org.springframework.ai.chat.messages.UserMessage, using shallow copy instead: Cannot construct instance of `org.springframework.ai.chat.messages.UserMessage` (although at least one Creator exists): cannot deserialize from Object value (no delegate- or property-based Creator)
 at [Source: REDACTED (`StreamReadFeature.INCLUDE_SOURCE_IN_LOCATION` disabled); line: 1, column: 2]
2026-06-11T09:53:29.074+08:00 DEBUG 12320 --- [hotel-pricing-add] [main] c.a.c.ai.graph.utils.SerializationUtils  : Could not deep copy object of type org.springframework.ai.chat.messages.AssistantMessage, using shallow copy instead: Cannot construct instance of `org.springframework.ai.chat.messages.AssistantMessage` (although at least one Creator exists): cannot deserialize from Object value (no delegate- or property-based Creator)
 at [Source: REDACTED (`StreamReadFeature.INCLUDE_SOURCE_IN_LOCATION` disabled); line: 1, column: 2]
2026-06-11T09:53:29.075+08:00 DEBUG 12320 --- [hotel-pricing-add] [main] c.a.c.ai.graph.utils.SerializationUtils  : Could not deep copy object of type org.springframework.ai.chat.messages.ToolResponseMessage, using shallow copy instead: Cannot construct instance of `org.springframework.ai.chat.messages.ToolResponseMessage` (no Creators, like default constructor, exist): cannot deserialize from Object value (no delegate- or property-based Creator)
 at [Source: REDACTED (`StreamReadFeature.INCLUDE_SOURCE_IN_LOCATION` disabled); line: 1, column: 2]
2026-06-11T09:53:29.075+08:00 DEBUG 12320 --- [hotel-pricing-add] [main] c.a.c.ai.graph.utils.SerializationUtils  : Could not deep copy object of type org.springframework.ai.chat.messages.AssistantMessage, using shallow copy instead: Cannot construct instance of `org.springframework.ai.chat.messages.AssistantMessage` (although at least one Creator exists): cannot deserialize from Object value (no delegate- or property-based Creator)
 at [Source: REDACTED (`StreamReadFeature.INCLUDE_SOURCE_IN_LOCATION` disabled); line: 1, column: 2]
2026-06-11T09:53:29.075+08:00 DEBUG 12320 --- [hotel-pricing-add] [main] c.a.c.ai.graph.utils.SerializationUtils  : Could not deep copy object of type org.springframework.ai.chat.messages.ToolResponseMessage, using shallow copy instead: Cannot construct instance of `org.springframework.ai.chat.messages.ToolResponseMessage` (no Creators, like default constructor, exist): cannot deserialize from Object value (no delegate- or property-based Creator)
 at [Source: REDACTED (`StreamReadFeature.INCLUDE_SOURCE_IN_LOCATION` disabled); line: 1, column: 2]
2026-06-11T09:53:29.075+08:00 DEBUG 12320 --- [hotel-pricing-add] [main] c.a.c.ai.graph.utils.SerializationUtils  : Could not deep copy object of type org.springframework.ai.chat.messages.AssistantMessage, using shallow copy instead: Cannot construct instance of `org.springframework.ai.chat.messages.AssistantMessage` (although at least one Creator exists): cannot deserialize from Object value (no delegate- or property-based Creator)
 at [Source: REDACTED (`StreamReadFeature.INCLUDE_SOURCE_IN_LOCATION` disabled); line: 1, column: 2]
2026-06-11T09:53:29.075+08:00 DEBUG 12320 --- [hotel-pricing-add] [main] c.a.c.ai.graph.utils.SerializationUtils  : Could not deep copy object of type org.springframework.ai.chat.messages.UserMessage, using shallow copy instead: Cannot construct instance of `org.springframework.ai.chat.messages.UserMessage` (although at least one Creator exists): cannot deserialize from Object value (no delegate- or property-based Creator)
 at [Source: REDACTED (`StreamReadFeature.INCLUDE_SOURCE_IN_LOCATION` disabled); line: 1, column: 2]
2026-06-11T09:53:29.080+08:00 DEBUG 12320 --- [hotel-pricing-add] [main] c.a.c.ai.graph.utils.SerializationUtils  : Could not deep copy object of type org.springframework.ai.chat.messages.AssistantMessage, using shallow copy instead: Cannot construct instance of `org.springframework.ai.chat.messages.AssistantMessage` (although at least one Creator exists): cannot deserialize from Object value (no delegate- or property-based Creator)
 at [Source: REDACTED (`StreamReadFeature.INCLUDE_SOURCE_IN_LOCATION` disabled); line: 1, column: 2]
2026-06-11T09:53:29.080+08:00 DEBUG 12320 --- [hotel-pricing-add] [main] c.a.c.ai.graph.utils.SerializationUtils  : Could not deep copy object of type org.springframework.ai.chat.messages.ToolResponseMessage, using shallow copy instead: Cannot construct instance of `org.springframework.ai.chat.messages.ToolResponseMessage` (no Creators, like default constructor, exist): cannot deserialize from Object value (no delegate- or property-based Creator)
 at [Source: REDACTED (`StreamReadFeature.INCLUDE_SOURCE_IN_LOCATION` disabled); line: 1, column: 2]
2026-06-11T09:53:29.082+08:00 DEBUG 12320 --- [hotel-pricing-add] [main] c.a.c.ai.graph.utils.SerializationUtils  : Could not deep copy object of type org.springframework.ai.chat.messages.AssistantMessage, using shallow copy instead: Cannot construct instance of `org.springframework.ai.chat.messages.AssistantMessage` (although at least one Creator exists): cannot deserialize from Object value (no delegate- or property-based Creator)
 at [Source: REDACTED (`StreamReadFeature.INCLUDE_SOURCE_IN_LOCATION` disabled); line: 1, column: 2]
2026-06-11T09:53:29.082+08:00 DEBUG 12320 --- [hotel-pricing-add] [main] c.a.c.ai.graph.utils.SerializationUtils  : Could not deep copy object of type org.springframework.ai.chat.messages.ToolResponseMessage, using shallow copy instead: Cannot construct instance of `org.springframework.ai.chat.messages.ToolResponseMessage` (no Creators, like default constructor, exist): cannot deserialize from Object value (no delegate- or property-based Creator)
 at [Source: REDACTED (`StreamReadFeature.INCLUDE_SOURCE_IN_LOCATION` disabled); line: 1, column: 2]
2026-06-11T09:53:29.082+08:00 DEBUG 12320 --- [hotel-pricing-add] [main] c.a.c.ai.graph.utils.SerializationUtils  : Could not deep copy object of type org.springframework.ai.chat.messages.AssistantMessage, using shallow copy instead: Cannot construct instance of `org.springframework.ai.chat.messages.AssistantMessage` (although at least one Creator exists): cannot deserialize from Object value (no delegate- or property-based Creator)
 at [Source: REDACTED (`StreamReadFeature.INCLUDE_SOURCE_IN_LOCATION` disabled); line: 1, column: 2]
2026-06-11T09:53:29.082+08:00 DEBUG 12320 --- [hotel-pricing-add] [main] c.a.c.ai.graph.utils.SerializationUtils  : Could not deep copy object of type org.springframework.ai.chat.messages.UserMessage, using shallow copy instead: Cannot construct instance of `org.springframework.ai.chat.messages.UserMessage` (although at least one Creator exists): cannot deserialize from Object value (no delegate- or property-based Creator)
 at [Source: REDACTED (`StreamReadFeature.INCLUDE_SOURCE_IN_LOCATION` disabled); line: 1, column: 2]
2026-06-11T09:53:34.369+08:00 DEBUG 12320 --- [hotel-pricing-add] [main] c.a.c.ai.graph.utils.SerializationUtils  : Successfully preserved Map type: java.util.HashMap
2026-06-11T09:53:34.369+08:00 DEBUG 12320 --- [hotel-pricing-add] [main] c.a.c.ai.graph.utils.SerializationUtils  : Could not deep copy object of type org.springframework.ai.chat.messages.UserMessage, using shallow copy instead: Cannot construct instance of `org.springframework.ai.chat.messages.UserMessage` (although at least one Creator exists): cannot deserialize from Object value (no delegate- or property-based Creator)
 at [Source: REDACTED (`StreamReadFeature.INCLUDE_SOURCE_IN_LOCATION` disabled); line: 1, column: 2]
2026-06-11T09:53:34.369+08:00 DEBUG 12320 --- [hotel-pricing-add] [main] com.alibaba.cloud.ai.graph.GraphRunner   : Initializing with inputs: [_graph_execution_id_, messages]
2026-06-11T09:53:34.369+08:00 DEBUG 12320 --- [hotel-pricing-add] [main] c.a.c.ai.graph.utils.SerializationUtils  : Successfully preserved Map type: java.util.HashMap
2026-06-11T09:53:34.369+08:00 DEBUG 12320 --- [hotel-pricing-add] [main] c.a.c.ai.graph.utils.SerializationUtils  : Could not deep copy object of type org.springframework.ai.chat.messages.UserMessage, using shallow copy instead: Cannot construct instance of `org.springframework.ai.chat.messages.UserMessage` (although at least one Creator exists): cannot deserialize from Object value (no delegate- or property-based Creator)
 at [Source: REDACTED (`StreamReadFeature.INCLUDE_SOURCE_IN_LOCATION` disabled); line: 1, column: 2]
2026-06-11T09:54:21.577+08:00 DEBUG 12320 --- [hotel-pricing-add] [main] c.a.c.ai.graph.utils.SerializationUtils  : Successfully preserved Map type: java.util.HashMap
2026-06-11T09:54:21.579+08:00 DEBUG 12320 --- [hotel-pricing-add] [main] c.a.c.ai.graph.utils.SerializationUtils  : Could not deep copy object of type org.springframework.ai.chat.messages.UserMessage, using shallow copy instead: Cannot construct instance of `org.springframework.ai.chat.messages.UserMessage` (although at least one Creator exists): cannot deserialize from Object value (no delegate- or property-based Creator)
 at [Source: REDACTED (`StreamReadFeature.INCLUDE_SOURCE_IN_LOCATION` disabled); line: 1, column: 2]
2026-06-11T09:54:21.579+08:00 DEBUG 12320 --- [hotel-pricing-add] [main] com.alibaba.cloud.ai.graph.GraphRunner   : Initializing with inputs: [_graph_execution_id_, messages]
2026-06-11T09:54:21.579+08:00 DEBUG 12320 --- [hotel-pricing-add] [main] c.a.c.ai.graph.utils.SerializationUtils  : Successfully preserved Map type: java.util.HashMap
2026-06-11T09:54:21.579+08:00 DEBUG 12320 --- [hotel-pricing-add] [main] c.a.c.ai.graph.utils.SerializationUtils  : Could not deep copy object of type org.springframework.ai.chat.messages.UserMessage, using shallow copy instead: Cannot construct instance of `org.springframework.ai.chat.messages.UserMessage` (although at least one Creator exists): cannot deserialize from Object value (no delegate- or property-based Creator)
 at [Source: REDACTED (`StreamReadFeature.INCLUDE_SOURCE_IN_LOCATION` disabled); line: 1, column: 2]
2026-06-11T09:54:47.608+08:00 DEBUG 12320 --- [hotel-pricing-add] [main] c.a.c.ai.graph.utils.SerializationUtils  : Successfully preserved Map type: java.util.HashMap
2026-06-11T09:54:47.608+08:00 DEBUG 12320 --- [hotel-pricing-add] [main] c.a.c.ai.graph.utils.SerializationUtils  : Could not deep copy object of type org.springframework.ai.chat.messages.UserMessage, using shallow copy instead: Cannot construct instance of `org.springframework.ai.chat.messages.UserMessage` (although at least one Creator exists): cannot deserialize from Object value (no delegate- or property-based Creator)
 at [Source: REDACTED (`StreamReadFeature.INCLUDE_SOURCE_IN_LOCATION` disabled); line: 1, column: 2]
2026-06-11T09:54:47.608+08:00 DEBUG 12320 --- [hotel-pricing-add] [main] com.alibaba.cloud.ai.graph.GraphRunner   : Initializing with inputs: [_graph_execution_id_, messages]
2026-06-11T09:54:47.608+08:00 DEBUG 12320 --- [hotel-pricing-add] [main] c.a.c.ai.graph.utils.SerializationUtils  : Successfully preserved Map type: java.util.HashMap
2026-06-11T09:54:47.608+08:00 DEBUG 12320 --- [hotel-pricing-add] [main] c.a.c.ai.graph.utils.SerializationUtils  : Could not deep copy object of type org.springframework.ai.chat.messages.UserMessage, using shallow copy instead: Cannot construct instance of `org.springframework.ai.chat.messages.UserMessage` (although at least one Creator exists): cannot deserialize from Object value (no delegate- or property-based Creator)
 at [Source: REDACTED (`StreamReadFeature.INCLUDE_SOURCE_IN_LOCATION` disabled); line: 1, column: 2]
2026-06-11T09:56:28.483+08:00  INFO 12320 --- [hotel-pricing-add] [main] c.h.pricing.runner.ConversationLogger    : Saved Mermaid diagram: architect_agent_1781142988483_1.mermaid
2026-06-11T09:56:28.483+08:00  INFO 12320 --- [hotel-pricing-add] [main] c.h.pricing.runner.ConversationLogger    : Saved Mermaid diagram: architect_agent_1781142988483_2.mermaid
2026-06-11T09:56:28.483+08:00  INFO 12320 --- [hotel-pricing-add] [main] c.h.pricing.runner.ConversationLogger    : Saved Mermaid diagram: architect_agent_1781142988483_3.mermaid
2026-06-11T09:56:28.483+08:00  INFO 12320 --- [hotel-pricing-add] [main] c.h.pricing.runner.ConversationLogger    : Saved Mermaid diagram: architect_agent_1781142988483_4.mermaid
2026-06-11T09:56:28.483+08:00  INFO 12320 --- [hotel-pricing-add] [main] c.h.pricing.runner.ConversationLogger    : Saved Mermaid diagram: architect_agent_1781142988483_5.mermaid
2026-06-11T09:56:28.483+08:00  INFO 12320 --- [hotel-pricing-add] [main] c.h.pricing.runner.ConversationLogger    : === Iteration 4 END ===
2026-06-11T09:56:28.483+08:00  INFO 12320 --- [hotel-pricing-add] [main] c.hotel.pricing.runner.IterationRunner   : Iteration 4 completed in 179413 ms. Response length: 34080 chars
2026-06-11T09:56:28.483+08:00  INFO 12320 --- [hotel-pricing-add] [main] c.hotel.pricing.runner.IterationRunner   : ¨T¨T¨T¨T¨T¨T All 4 iterations completed ¨T¨T¨T¨T¨T¨T
2026-06-11T09:56:28.483+08:00  INFO 12320 --- [hotel-pricing-add] [main] c.hotel.pricing.runner.IterationRunner   : Output written to: C:\Users\X\Documents\2026Spring_Software_Architecture_Design\Assignment2\hotel-pricing-add\src\main\resources\output\session_1781142050360
2026-06-11T09:56:28.492+08:00  INFO 12320 --- [hotel-pricing-add] [main] c.hotel.pricing.runner.IterationRunner   : Total token consumption: 0.0 K tokens
2026-06-11T09:56:28.492+08:00  INFO 12320 --- [hotel-pricing-add] [main] c.hotel.pricing.runner.IterationRunner   : Human interaction turns: 8
2026-06-11T09:56:28.492+08:00  INFO 12320 --- [hotel-pricing-add] [main] c.h.pricing.runner.ConversationLogger    : Conversation log written to: C:\Users\X\Documents\2026Spring_Software_Architecture_Design\Assignment2\hotel-pricing-add\src\main\resources\output\session_1781142050360\conversation.log
